{
  "accepted_product_credit_post": 0,
  "accepted_product_credit_pre": 0,
  "lamin_writes": 0,
  "manifest_generation_uri": "gs://scperturb/pert-gym/staging/pert-gym/logical/temporal/overlapping_transcriptional_programs_promote_survival_and_axonal_regeneration_of/revisions/temporal-v4-132-wave13-5f7d704794fcd538/manifest.json#1784284536286438",
  "manifest_sha256": "dc33b1a1e1d24e96f3ce8efce8d052d1b01c2e7102d335a0ebf866ebc63e92a6",
  "nnz": 528649855,
  "raw_count_sum": 2017575951,
  "record_id": "temporal_v4_132_overlapping_transcriptional_programs_promote_survival_and_axonal_regeneration_of",
  "revision": "temporal-v4-132-wave13-5f7d704794fcd538",
  "runtime_seconds": 570.9777255058289,
  "shape": [
    129441,
    23308
  ],
  "verdict": "PASS"
}
	Command being timed: "uv run python /tmp/temporal-v4-132-t_03c886aa/scp1846-rgc-survival-temporal-v4-132-t_03c886aa/build_component.py --input-dir /tmp/temporal-v4-132-t_03c886aa/scp1846-rgc-survival-temporal-v4-132-t_03c886aa/input --source-dir /tmp/temporal-v4-132-t_03c886aa/source --output-dir /tmp/temporal-v4-132-t_03c886aa/output"
	User time (seconds): 512.15
	System time (seconds): 24.04
	Percent of CPU this job got: 93%
	Elapsed (wall clock) time (h:mm:ss or m:ss): 9:32.58
	Average shared text size (kbytes): 0
	Average unshared data size (kbytes): 0
	Average stack size (kbytes): 0
	Average total size (kbytes): 0
	Maximum resident set size (kbytes): 18816332
	Average resident set size (kbytes): 0
	Major (requiring I/O) page faults: 5
	Minor (reclaiming a frame) page faults: 4070321
	Voluntary context switches: 7477
	Involuntary context switches: 2218
	Swaps: 0
	File system inputs: 1232
	File system outputs: 4587208
	Socket messages sent: 0
	Socket messages received: 0
	Signals delivered: 0
	Page size (bytes): 4096
	Exit status: 0
